src/components/dashboard/OnboardingModal.tsx(4,19): error TS1484: 'UserData' is a type and must be imported using a type-only import when 'verbatimModuleSyntax' is enabled.
src/components/dashboard/OnboardingModal.tsx(59,29): error TS2554: Expected 0 arguments, but got 1.
src/pages/Profile.tsx(9,69): error TS6133: 'CardFooter' is declared but its value is never read.
src/pages/Profile.tsx(63,29): error TS2554: Expected 0 arguments, but got 1.
src/pages/Signup.tsx(4,1): error TS6192: All imports in import declaration are unused.
src/pages/Signup.tsx(5,16): error TS6133: 'db' is declared but its value is never read.
